========================Daggerford=Map============================

Wizard's
Guild (up)
 |                         Gate--(closed)      Stable
Delfen's                     |                   |
Tower    (closed)            DW--------Xrds------HR---------WS
 |       |                   |          |                    |
WS       FW----FW---FW-------DW         |                    |
 |       |           |       |         TW                   WS
 |       |          RS-------DW         |     Pawn           |
 |       |       Tavern      |          |     Shop           |
 |       |                   | Tanner's |      |             |
 |       |                   |  Shop----TW-----RR----RR----E.Gate
W.Gate--FW   Bank  Ferrel's  DW         |      |             |
 |       |     |   Apparel   |          |   Gambling         |
 |       |     |     |       |          |                    |
 |       |     |     |       |          |   Derval's        |
 |       |     |     |       |          |    Smithy          |
 |       |     |     |       |          |      |             |
WS-------MW----MW---NM-------TW--------TW-----DF--Priest's--WS
 |       |           |                         |   Guild     |
 |       |   Guild   |  Korbus                 |             |
WS    Money   Hall--MS--Shop                  DF             |
 |   Changer         |                         |             |
 |                   |                         |            WS
 |         Cromach's |                         |             |
WS----Post  Smithy--SM----LL**   Cleric's      |  Fighter's  |
 |   Office    |     |  Tavern    Guild       DF--Guild      |
 |       |     |     |    |         |          |             |
SW-------WS----WS---WS---WS--------WS---------WS------------SE
Tower                     |                                Tower
                        Main
                        Gate

** You are here!

====================================================================    
