	   ARCHITECT GLORIANA'S GUIDE TO THE MAJOR STREETS OF 

		****************************************
		 ~~   ~~  ~~~  ~~  ~  ~ ~~~  ~~  ~   ~      
		~  ~ ~  ~ ~   ~  ~ ~~ ~ ~   ~  ~ ~   ~     
	---===[	~  ~ ~    ~~  ~~~~ ~ ~~ ~~  ~~~~ ~   ~  ]===---
		~  ~ ~  ~ ~   ~  ~ ~  ~ ~   ~  ~ ~   ~   
		 ~~   ~~  ~~~ ~  ~ ~  ~ ~   ~  ~ ~~~ ~~~ 
		****************************************
		* LEGEND:			       *
		*				       *
		*   -#-   OUTER WALL GATE	       *
		*   =#=	  INNER WALL GATE              *
		*   ===   INNER WALL 		       *
		****************************************

Winter Watch 		   North Gate
   Tower		  of Oceanfall
      		               |		 Clarvoyant		
    **************** \	   North Gate    ********** Tower *
    * 		   *  \	     Road        *     		  *
    * 		   *   \       |	  *               *
    * 	           * ---  Inner North ---  **   Polestar  *
    * 		   *         Gate      \     * 		  *  
    * 	 Storm	   *	       |	      *		  *
    * 		   * -- Adventurer Avenue --- *	 Septer	  *
    | 		   *	       |	   \  *		  *
    # 		   *	       |	      *		  *
Ocean's            * -- Adventurer Avenue --- *		  *
 Gate	 	   *	       |	      *		  *
    # 		   *	Adventurer Avenue --- *		  *
    | 	 Septer	   *	       |	      *************
    * 		   *	       |	      	
    * 		   * --	Adventurer Avenue ---  =====#======
    *		   *	       |	      =	 	  =
    *		   *	       |	     =    The     =
    **************** 	       | 	    =	          =
        	 	       |	    =   Gardens   = 
    OCEANFALL MARKET -- Adventurer Avenue - =             =
	       		       |	 \ =      of      =
      THE BAZARRE   	       |	  #	          =
      /        	 \  	       |	  = 	  the	  =
     ************** 	       |	  =		  =
     *		  * 	Adventurer Avenue  =	 Dead	  =
     *	  Noble   *	       |	    =		  =
     *	           * --	Adventurer Avenue -- #=====#=======
     *	           *	       |		    
     *	           *	       |	   ***********
      *   Septer   *	Adventurer Avenue  *         *
       *           *	       |	   * Trades  *
	*          *           |	   *	     *
	 *         * --	Adventurer Avenue  * Septer  *     Plateau
 Castle	 *         *           |	   *	     *         
Oceanfall*********** --- Avenue of the --- *********** -#- Plateau
	   		   Adventurer			      
    ****************	       | 	 ***********	  Plateau
    *	 	   * ---  Ocean Way      *	   *	     
    *	    Harbor *	       |         * Foreign * 	 Plateau
    ******  Septer *	  Ocean Way  --- *   	   *	    
Trident	-*	   *	       |         * Septer  *	Plateau
 Tower ~ ****	   * ---  Ocean Way      *	   *	        
      ~~~~~~~*	   *  	       |	 *    	   *   Plateau  
Crescent ~~~~~******      Ocean Way  --- ***********  /         
 Tower ~~~~~~~~~    \       /    \	             /   
~~~~~~~~~~~~~~~~~ Stormwarning    Ocean  -#-   South    -#-  South Gate  -
~~~~~~~~~~~~~~~~~    Tower         Way       Gate Road      of Oceanfall
~~~~~~~~~~~~~~~~~~~~~ \_______   
~~~~~ Crescent ~~~~~~~~~~~~~ \
~~~~~  Harbor  ~~~~~~~~~~~~~  \___ 		To Daggerford
~~~~~~~~~~~~~~~~~~~~~~~~~~~~~~~~~~ \____	 	| |
~~~~~~~~~~~~~~~~~~~~~~~~~~~~~~~~~~~~~~~ \		\/
~~~~~~~~~~~~~~~~~~~~~~~~~~~~~~~~~~~~~~~~ |