

                            -=-=PERELAN=-=-
                             as mapped by      
                            Joruun Makitte


                                     %%%%%%     %%    x--city street
                                  %%%%%%%%  /  %%%%   #--city wall
                                %%%%%%%    /  %%%%    G--gatehouse
                                        GG/  %%%%     M--Magnussen's Tower
                            ############GGG %%%%      %--outer slums
                            #           xGG %%%%%     /\_    
                            # xxxxxxxxxx #  %%%%%     \/ Guard tower
                           ## x   12   x # %%%%%
                         /\   x        x # %%%%       1--Full Flagon Tavern
                         \/   x11      x # %%%%       2--Arioli clothing shop
                /\#######     x        x # %%%        3--Tinkers' Guild
               #\/            x        x # %          4--Lionsmane Tavern
              ##  xxxxxxxxxxxxxxxxxxxxxx # %%         5--Perelan Bank
             ##   x     x     x........x # %%         6--Shrine of Tymora
            ##    x     x     x........x # %          7--Weaponsmith
           ##    4x     x6    x...13...x # %          8--Swords of Magnussen
          ##      x     x     x........x #            9--Perelan Post Office
          #    1  x  5  x     x........x #            10-Shrine of Tempus
       %% # xxxxxxxxxxxxxxxxxxxxxxxxxxxx #            11-Armory
     %%%% # x     x     x  7  x          #            12-Mjolna's shop
    %%%%% # x     x     x     x          #            13-Perelan Gardens
    %%%%% # x     x     x     x         /\
     %%%  # x     x     x     x MMMM    \/
  to     GG x  2  x     x  8  x MMMM   ##
---------GGxxxxxxxxxxxxxxxxxxxxxMMMM  ##
Shadow-  GG    3        x  9  x MMMM ##  %                   ^
 Fall     ##########    x     x     ##  %%                   |
      %%%          #  10x     x    ##  %%                    N
       %%%%%%%%%   /\   x     x ####  %%%                   \|/
        %%%%%%%%%  \/## x     x #    %%%%%               <-W-X-E->
          %%%   %%%   # xxxxxxx #  %%%%%%%%                 /|\
                  %%% #        xGG %%%%%%%%                  S
                   %% #########GGG %%%%%%%%%                 |
                               GG\ %%%%%%%%                  v
                         %%%%%    \ %%%%%%
                           %%%%%%  \  %%%
                             %%%%%
