*******************************************************************************

                    MAP OF THE DOMAIN OF SHADOWFALL

*******************************************************************************

                    VALATIS MOUNTAINS
                /\/\/\/\/\/\/\/\/\/\/\/\/\/\/\/\/\/\/\/\/\/\/\/\
             /\/\/\/\/\/\/\/\/\/\/\/\/\/\/\/\/\/\/\/\/\/\/\/\/\/\
            /\/\/\/\/\/\/\/\/\/\/\/\/\/\/\/\/\/\/\/\/\/\/\/\/\/\/\
            /\/\/\/\/\/\/\/\/\/\/\/\/\/\/\/\/\/\/\/\/\/\/\/\/\/\/\
            /\/\/CASTLE/\/\/\/\/\/\/\/\/\/\/\/\/\/\/\/\/\/\/\/\/\/\/\
             /\/\REMPAVI/\/\/\/\/\/\/\/\/\/\/\/\/\/\/\/\/\/\/\/\/\/\/\/\/\/\
                /\/|/\/\/\/\/\/\/\/\       \\/\        /\/\/\/\/\/\/\/\/\/\
                   |  _TOWER /\/\/\/\     /\\\/\    /\/\/\/\/\/\/\/\/\/\/\/\
                    \/          /\/\/\/\ \/\\\/\/\/\/\/\/\/\/\//\/\/\/\/\/\/\
                     |                       \\        /\/\/\/\/\/\/\/\/\/\/\/\
                  DURANIR                     \\____________/\/\/\/\/\/\/\/\/\/\
                  VILLAGE                      \            \ /\/\/\/\/\/\/\/\/\
                     |   ^^^^^^^^^^^^^^        |   LAKE     |    /\/\/\//\/\/\/\
          ^^^^^^^^^^^|^^^^^^^^^^^^^^^^         \___________ |   /\/\/\/\//\/\//\
      ^^^^^^^^^^^^^^^|^^FOREST^^^^^^^                      \\   /\/\/\/\\/\/\/\/
      ^^^^^^^^^^^^^GATES^^^^^^^^^^^^              __________||   /\/\/\/\/\/\/\
      ^^^^^^^^^^^^^^^|^^^^^^^^^^^^^^             /          ||\ /\/\/\\/\/\/\/\/
          --------------------------------------| SHADOWFALL|| | /\/\/\/\/\/\/\
         /  ^^^^^^^^^^^^^^^^^^^^^^^^            |   CITY    || | /\/\/\/\/\/\/\/
        / ^^^^^^^^^^^^^^^^^^^^^^^^^             \___________||/ /\/\/\/\/\/\/\/\
        |^^^^^^^^^^^^^FOREST^^^^^^^^^^^^^                   || /\/\/\/\/\/\/\/\
      __^^^^^^^^^^^^^^^^^^^^^^^^^^^^^^^^^^^________________// /\/\/\/\/\/\/\/\/\
TO THE SEA_______________________RIVER_____________________//\/\/\/\/\/\/\/\/\/\
        |      ^^^^^^^^^^^^^^^^^^^^^^^^^^            RIVER  /\/\/\/\/\/\/\/\/\/\
        |         ^^^^^^^^^^^^^^^^^^^^^^                  /\/\/\/\/\/\/\/\/\/\/\
        |                                               /\/\/\/\/\/\/\/\/\/\/\\/
        |                  /\/\/\/\/\/\/\/\/\/\/\/         /\/\/\/\/\/\/\/\/\
        |          /\/\//\/\/\/\/\/\/\/\/\/\/\/\/\/\/        /\/\/\/\/\/\/\/\/
        |            /\/\/\/\/\/\/\/\/\/\/\/\/\/\/\/\/\/\/  /\/\/\/\/\/\/\/\/\/
        |               /\/\/\/\/\/\/\/\/\/\/\/\/\/\/\/\/\/\/\/\/\/\/\/\/\/\/\/
  TO OCEANFALL               /\/\/\/\/\/\/\/\/\/\/\/\/\//\/\/\/\/\/\/\/\/\/\/\/
                                    /\/\/\/\/\/    /\/\/\/\/\/\/\/\/\/\/\/
                                                  /\/\/\/\/\/\/    /\/\/\/\
                                                      /\/\/\/\        /\

*******************************************************************************

                            AS SCRIBED BY BAAZEEL

*******************************************************************************
