
                            -=-=SHADOWFALL=-=-
                               as mapped by
                              Joruun Makitte  

 ................................................................
 ...............................................................
 ..............................................................
  .....................LAKE..OF..THE..SIREN....................
     ........................................................
      ....................................................... %
      .....................................................   %%
     ...................................................... %%%%
     ....................................................... %%
      ..... ......... ....................................... %%%
     ..... #     ...   .....................   ............   %%%%
      ..   #            ................        .......   ## %%%%%%%
       ..  #     2    .................  9  10             #  %%%
           #  xxxxxxx   ...............  xxxxxxxxxxxxxxxx  ## %%%%%
   to      #  x     x    .I..I..I..I.... x     x  15    x   #  %%%%%%
  Ocean-  GG  x     x  4 .I..I..I..I.... x     x        x   GG        
   -------GGxxxxxxxxxxxxxxxxxxxxxxxxx===xx   11x        xxxxGG-----------   
   fall   GG  x     x     x     x    ... x     x        x   GG        
   %%%%%%  #  x     x     x mmm x   ...  x     x     16 x   #  %%%%%%
   %%%%%%% ## xxxxxxxxxxxxx mmm x  ....  xxxxxxxxxxxxxxxx   # %%%%%%%
   %%%%%%%  # 1     3  x    mmm x ....   x  12 x  14 x      # %%%%%%
    %%%%%%% #          x    mmm x ...    x     x     x     ## %%%%%%%%
    %%%%%%% #########  x6   mmm x ... xxxx     x     x   ###  %%%%%%%%%
    %%%%%%%         #  x    mmm x ... x  x     x     x   #   %%%%%%%%%%%
     %%%%%%%%%%%%%% #  x     m x .... x  x     x     x   # %%%%%%%%%%%%%
      %%%%%%%%%%%%% # 5xxxxxxxx .... 8xxxxxxxxxxxxxxxx  ## %%%%%%%%%%%%
       %%%%%%%%%%%% #    7   x ....   x  x     x       ##  %%%%%%%%%%
        %%%%%%%%%%% ##       x ...    x  x     x     ###  %%%%%%%%%%
           %%%%%%%%  ##      xx===xxxxxxxx   13x  ####   %%%%%%%%%%   ^
            %%%%%%%%  ####     ...       x     x  #    %%%%%%%%       |
            %%%%%%%%%    ######....      xxxxxxx  #  %%%%%%%%%        N
            %%%%%%%%%%%%        ....##      x    ## %%%%%%%%%%%      \|/
              %%%%%%%%%%%%%%%%%  ....######GGG####  %%%%%%%%%%%%% <-W-X-E->
               %%%%%%%%%%%%%%%%%  ......   GGG     %%%%%%%%%%%%%%    /|\
                 %%%%%%%%%%%%%%%%% .......  | %%%%%%%%%%%%%%%         S
                      %%%%%%%%%%%%   ....  / %%%%%%%%%%%%%%%          |
                          %%%%%%%%%% .... | %%%%%%%%%%%               v
                             %%%%%%%  .... \ %%%%%%%%


-=-=-=-=-=-=-=-=-=-=-=-=-=-=-=-=-=-=-=-=-=-=-=-=-=-=-=-=-=-=-=-=-=-=-=-=-=-=-

                               MAP KEY

   x - Shadowall streets     1 -- Golden Scabbard Tavern
   = - Bridge                2 -- House of Anzar Teil
   I - Docks                 3 -- Mallex's Shop, Western
   G - Gatehouse             4 -- Silverbow Company's barracks
   # - City Walls            5 -- Kierdas Emertand, armorer
   % - Shantytown            6 -- House of Bertrand Bandrass,Mayor
   . - River Eithira or      7 -- House of Selrius
       Lake of the Siren     8 -- Park monument
   m - Mengor Mallex Estate  9 -- Mallex's Shop, Eastern
                             10 - Tol Gierek, Blacksmith
                             11 - Shadowfall Post Office
                             12 - Temple of Tempus
                             13 - Eithira's Waters Tavern
                             14 - Tower of the Sorcerors
                             15 - Shadowfall bank/moneychanger
                             16 - Temple of Shirra-Tiris
