-=-=-=-=-=-=-=-=-=-=-=-=-=-=-=-=-=-=-=-=-=-=-=-=-=-=-=-=-=-=-=-=-=-=-=-=-=-=-=
=-=-=-=-=-=-=-=-=-=-=-=-=-=-=-=-=Map of Guild=-=-=-=-=-=-=-=-=-=-=-=-=-=-=-=-=
-=-=-=-=-=-=-=-=       =-=-=-=-=-=-=-=-=-=-=-=-=-=-=-=-=-=-=-=-=-=-=-=-=-=-=-=
=-=-=-=-=-=-=-=-  ENT  -=-=-=-=-=-=-=-=Key=-=-=-=-=-=-=-=-=-=-=-=-=-=-=-=-=-=-
-=-=-=-=-=-=-=-=   |   =-=-=-=-=-=-=-=-=-=-=-=-=-=-=-=-=-=-=-=-=-=-=-=-=-=-=-=
=-=-=-=-=-=        |        =-=-=-=-=-=ENT - Entrance-=-=-=-=-=-=-=-=-=-=-=-=-
-=-=-=-=-=-  QTR--GAL--BRD  -=-=-=-=-=-GAL - Gallery of Rogues-=-=-=-=-=-=-=-=
=-=-=-=-=-=        |        =-=-=-=-=-=QTR - Thieves' Quarters=-=-=-=-=-=-=-=-
-=-=-=-=-=-        |        -=-=-=-=-=-BRD - Board Room=-=-=-=-=-=-=-=-=-=-=-=
=-=-=-=-=-=  KIT--GAL--STO  =-=-=-=-=-=KIT - Kitchen and Mess Hall=-=-=-=-=-=-
-=-=-=-=-=-        |        -=-=-=-=-=-STO - Storage Facility=-=-=-=-=-=-=-=-=
=-=-=-=-=-=        |        =-=-=-=-=-=TRA - Training Hall=-=-=-=-=-=-=-=-=-=-
-=-=-=-=-=-  TRA--GAL  TRE  -=-=-=-=-=-TRE - Treasury=-=-=-=-=-=-=-=-=-=-=-=-=
=-=-=-=-=-=        |    |   =-=-=-=-=-=OFF - Guildmaster's Office-=-=-=-=-=-=-
-=-=-=-=-=-        |    |   -=-=-=-=-=-CHA - Guildmaster's Chambers=-=-=-=-=-=
=-=-=-=-=-=  MET--GAL--OFF  =-=-=-=-=-=MET - Meeting=-=-=-=-=-=-=-=-=-=-=-=-=-
-=-=-=-=-=-             |   -=-=-=-=-=-=-=-=-=-=-=-=-=-=-=-=-=-=-=-=-=-=-=-=-=
=-=-=-=-=-=-=-=-=-=-=   |   =-=-=-=-=-=-=-=-=-=-=-=-=-=-=-=-=-=-=-=-=-=-=-=-=-
-=-=-=-=-=-=-=-=-=-=-  CHA  -=-=-=-=-=-=-=-=-=-=-=-=-=-=-=-=-=-=-=-=-=-=-=-=-=
=-=-=-=-=-=-=-=-=-=-=       =-=-=-=-=-=-=-=-=-=-=-=-=-=-=-=-=-=-=-=-=-=-=-=-=-
-=-=-=-=-=-=-=-=-=-=-=-=-=-=-=-=-=-=-=-=-=-=-=-=-=-=-=-=-=-=-=-=-=-=-=-=-=-=-=
=-=-=-=-=-=-=-=-=-=-=-=-=-=-=-=-=-=-=-=-=-=-=-=-=-=-=-=-=-=-=-=-=-=-=-=-=-=-=-

